2026-02-03T20:19:46+00:00 step=pipeline event=start
2026-02-03T20:19:46+00:00 step=precheck event=start
2026-02-03T20:19:46+00:00 step=precheck event=cmd cmd=/home/jake/Developer/timeline/.venv/bin/python3 /home/jake/Developer/timeline/NEW/Scripts/precheck.py
2026-02-03T20:19:46+00:00 step=precheck event=done elapsed=0.0s
2026-02-03T20:19:46+00:00 step=download_pdfs event=start
2026-02-03T20:19:46+00:00 step=download_pdfs event=cmd cmd=bash /home/jake/Developer/timeline/NEW/Scripts/download_pdfs.sh /home/jake/Developer/timeline/NEW/NEW.csv /home/jake/Developer/timeline/NEW/Downloads
2026-02-03T20:19:57+00:00 step=download_pdfs event=done elapsed=10.8s
2026-02-03T20:19:57+00:00 step=extract event=start
2026-02-03T20:19:57+00:00 step=extract event=cmd cmd=/home/jake/Developer/timeline/.venv/bin/python3 /home/jake/Developer/timeline/NEW/Scripts/extract.py
2026-02-03T20:25:28+00:00 step=extract event=done elapsed=330.8s
2026-02-03T20:25:28+00:00 step=initial_classification event=start
2026-02-03T20:25:28+00:00 step=initial_classification event=cmd cmd=uv run python /home/jake/Developer/timeline/RUNNERS/initial-classification/script-initial-classification.py --folder /home/jake/Developer/timeline/NEW/Markdown
2026-02-03T20:26:12+00:00 step=initial_classification event=done elapsed=44.5s
2026-02-03T20:26:12+00:00 step=transfer event=start
2026-02-03T20:26:12+00:00 step=transfer event=cmd cmd=/home/jake/Developer/timeline/.venv/bin/python3 /home/jake/Developer/timeline/NEW/Scripts/transfer.py
2026-02-03T20:26:13+00:00 step=transfer event=failed exit=1
2026-02-03T20:35:19+00:00 step=pipeline event=resume resume_from=transfer
2026-02-03T20:35:19+00:00 step=transfer event=start
2026-02-03T20:35:19+00:00 step=transfer event=cmd cmd=/home/jake/Developer/timeline/.venv/bin/python3 /home/jake/Developer/timeline/NEW/Scripts/transfer.py
2026-02-03T20:35:19+00:00 step=transfer event=done elapsed=0.1s
2026-02-03T20:35:19+00:00 step=pipeline event=completed status=ok
2026-02-03T20:41:55+00:00 step=pipeline event=start
2026-02-03T20:41:55+00:00 step=precheck event=start
2026-02-03T20:41:55+00:00 step=precheck event=cmd cmd=/home/jake/Developer/timeline/.venv/bin/python3 /home/jake/Developer/timeline/NEW/Scripts/precheck.py
2026-02-03T20:41:55+00:00 step=precheck event=done elapsed=0.1s
2026-02-03T20:41:55+00:00 step=download_pdfs event=start
2026-02-03T20:41:55+00:00 step=download_pdfs event=cmd cmd=bash /home/jake/Developer/timeline/NEW/Scripts/download_pdfs.sh /home/jake/Developer/timeline/NEW/NEW.csv /home/jake/Developer/timeline/NEW/Downloads
2026-02-03T20:42:08+00:00 step=download_pdfs event=done elapsed=13.3s
2026-02-03T20:42:08+00:00 step=extract event=start
2026-02-03T20:42:08+00:00 step=extract event=cmd cmd=/home/jake/Developer/timeline/.venv/bin/python3 /home/jake/Developer/timeline/NEW/Scripts/extract.py
2026-02-03T20:48:32+00:00 step=extract event=done elapsed=383.7s
2026-02-03T20:48:32+00:00 step=initial_classification event=start
2026-02-03T20:48:32+00:00 step=initial_classification event=cmd cmd=uv run python /home/jake/Developer/timeline/RUNNERS/initial-classification/script-initial-classification.py --folder /home/jake/Developer/timeline/NEW/Markdown
2026-02-03T20:49:38+00:00 step=initial_classification event=done elapsed=66.0s
2026-02-03T20:49:38+00:00 step=transfer event=start
2026-02-03T20:49:38+00:00 step=transfer event=cmd cmd=/home/jake/Developer/timeline/.venv/bin/python3 /home/jake/Developer/timeline/NEW/Scripts/transfer.py
2026-02-03T20:49:38+00:00 step=transfer event=done elapsed=0.1s
2026-02-03T20:49:38+00:00 step=pipeline event=completed status=ok
2026-02-03T21:08:31+00:00 step=pipeline event=start
2026-02-03T21:08:31+00:00 step=precheck event=start
2026-02-03T21:08:31+00:00 step=precheck event=cmd cmd=/home/jake/Developer/timeline/.venv/bin/python3 /home/jake/Developer/timeline/NEW/Scripts/precheck.py
2026-02-03T21:08:31+00:00 step=precheck event=done elapsed=0.0s
2026-02-03T21:08:31+00:00 step=download_pdfs event=start
2026-02-03T21:08:31+00:00 step=download_pdfs event=cmd cmd=bash /home/jake/Developer/timeline/NEW/Scripts/download_pdfs.sh /home/jake/Developer/timeline/NEW/NEW.csv /home/jake/Developer/timeline/NEW/Downloads
2026-02-03T21:09:25+00:00 step=download_pdfs event=done elapsed=54.4s
2026-02-03T21:09:25+00:00 step=extract event=start
2026-02-03T21:09:25+00:00 step=extract event=cmd cmd=/home/jake/Developer/timeline/.venv/bin/python3 /home/jake/Developer/timeline/NEW/Scripts/extract.py
2026-02-03T21:35:37+00:00 step=extract event=done elapsed=1571.9s
2026-02-03T21:35:37+00:00 step=initial_classification event=start
2026-02-03T21:35:37+00:00 step=initial_classification event=cmd cmd=uv run python /home/jake/Developer/timeline/RUNNERS/initial-classification/script-initial-classification.py --folder /home/jake/Developer/timeline/NEW/Markdown
2026-02-03T21:38:32+00:00 step=initial_classification event=done elapsed=174.9s
2026-02-03T21:38:32+00:00 step=transfer event=start
2026-02-03T21:38:32+00:00 step=transfer event=cmd cmd=/home/jake/Developer/timeline/.venv/bin/python3 /home/jake/Developer/timeline/NEW/Scripts/transfer.py
2026-02-03T21:38:32+00:00 step=transfer event=done elapsed=0.1s
2026-02-03T21:38:32+00:00 step=pipeline event=completed status=ok
2026-02-03T22:13:17+00:00 step=pipeline event=start
2026-02-03T22:13:17+00:00 step=precheck event=start
2026-02-03T22:13:17+00:00 step=precheck event=cmd cmd=/home/jake/Developer/timeline/.venv/bin/python3 /home/jake/Developer/timeline/NEW/Scripts/precheck.py
2026-02-03T22:13:17+00:00 step=precheck event=done elapsed=0.0s
2026-02-03T22:13:17+00:00 step=download_pdfs event=start
2026-02-03T22:13:17+00:00 step=download_pdfs event=cmd cmd=bash /home/jake/Developer/timeline/NEW/Scripts/download_pdfs.sh /home/jake/Developer/timeline/NEW/NEW.csv /home/jake/Developer/timeline/NEW/Downloads
2026-02-03T22:13:57+00:00 step=download_pdfs event=done elapsed=39.4s
2026-02-03T22:13:57+00:00 step=ingest_local event=done appended=2 moved=2 skipped_moves=0 missing_files=0
2026-02-03T22:13:57+00:00 step=extract event=start
2026-02-03T22:13:57+00:00 step=extract event=cmd cmd=/home/jake/Developer/timeline/.venv/bin/python3 /home/jake/Developer/timeline/NEW/Scripts/extract.py
2026-02-03T22:36:24+00:00 step=extract event=done elapsed=1347.6s
2026-02-03T22:36:24+00:00 step=initial_classification event=start
2026-02-03T22:36:24+00:00 step=initial_classification event=cmd cmd=uv run python /home/jake/Developer/timeline/RUNNERS/initial-classification/script-initial-classification.py --folder /home/jake/Developer/timeline/NEW/Markdown
2026-02-03T22:38:30+00:00 step=initial_classification event=done elapsed=125.9s
2026-02-03T22:38:30+00:00 step=transfer event=start
2026-02-03T22:38:30+00:00 step=transfer event=cmd cmd=/home/jake/Developer/timeline/.venv/bin/python3 /home/jake/Developer/timeline/NEW/Scripts/transfer.py
2026-02-03T22:38:30+00:00 step=transfer event=done elapsed=0.1s
2026-02-03T22:38:30+00:00 step=pipeline event=completed status=ok
2026-02-03T22:48:28+00:00 step=pipeline event=start
2026-02-03T22:48:28+00:00 step=precheck event=start
2026-02-03T22:48:28+00:00 step=precheck event=cmd cmd=/home/jake/Developer/timeline/.venv/bin/python3 /home/jake/Developer/timeline/NEW/Scripts/precheck.py
2026-02-03T22:48:29+00:00 step=precheck event=done elapsed=0.0s
2026-02-03T22:48:29+00:00 step=download_pdfs event=start
2026-02-03T22:48:29+00:00 step=download_pdfs event=cmd cmd=bash /home/jake/Developer/timeline/NEW/Scripts/download_pdfs.sh /home/jake/Developer/timeline/NEW/NEW.csv /home/jake/Developer/timeline/NEW/Downloads
2026-02-03T22:48:29+00:00 step=download_pdfs event=done elapsed=0.1s
2026-02-03T22:48:29+00:00 step=ingest_local event=skipped reason=empty_local_csv
2026-02-03T22:48:29+00:00 step=extract event=start
2026-02-03T22:48:29+00:00 step=extract event=cmd cmd=/home/jake/Developer/timeline/.venv/bin/python3 /home/jake/Developer/timeline/NEW/Scripts/extract.py
2026-02-03T22:48:29+00:00 step=extract event=done elapsed=0.0s
2026-02-03T22:48:29+00:00 step=initial_classification event=start
2026-02-03T22:48:29+00:00 step=initial_classification event=cmd cmd=uv run python /home/jake/Developer/timeline/RUNNERS/initial-classification/script-initial-classification.py --folder /home/jake/Developer/timeline/NEW/Markdown
2026-02-03T22:48:29+00:00 step=initial_classification event=done elapsed=0.1s
2026-02-03T22:48:29+00:00 step=transfer event=start
2026-02-03T22:48:29+00:00 step=transfer event=cmd cmd=/home/jake/Developer/timeline/.venv/bin/python3 /home/jake/Developer/timeline/NEW/Scripts/transfer.py
2026-02-03T22:48:29+00:00 step=transfer event=done elapsed=0.1s
2026-02-03T22:48:29+00:00 step=extending_dimensions event=start
2026-02-03T22:48:29+00:00 step=extending_dimensions event=cmd cmd=uv run python /home/jake/Developer/timeline/RUNNERS/extending-dimensions/script-extending-dimensions.py
2026-02-03T22:48:29+00:00 step=extending_dimensions event=done elapsed=0.1s
2026-02-03T22:48:29+00:00 step=task_model_ratio event=start
2026-02-03T22:48:29+00:00 step=task_model_ratio event=cmd cmd=uv run python /home/jake/Developer/timeline/RUNNERS/task-model-ratio/script-task-model-ratio.py
2026-02-03T22:50:16+00:00 step=pipeline event=start
2026-02-03T22:50:16+00:00 step=precheck event=start
2026-02-03T22:50:16+00:00 step=precheck event=cmd cmd=/home/jake/Developer/timeline/.venv/bin/python3 /home/jake/Developer/timeline/NEW/Scripts/precheck.py
2026-02-03T22:50:17+00:00 step=precheck event=done elapsed=0.0s
2026-02-03T22:50:17+00:00 step=download_pdfs event=start
2026-02-03T22:50:17+00:00 step=download_pdfs event=cmd cmd=bash /home/jake/Developer/timeline/NEW/Scripts/download_pdfs.sh /home/jake/Developer/timeline/NEW/NEW.csv /home/jake/Developer/timeline/NEW/Downloads
2026-02-03T22:50:17+00:00 step=download_pdfs event=done elapsed=0.1s
2026-02-03T22:50:17+00:00 step=ingest_local event=skipped reason=empty_local_csv
2026-02-03T22:50:17+00:00 step=extract event=start
2026-02-03T22:50:17+00:00 step=extract event=cmd cmd=/home/jake/Developer/timeline/.venv/bin/python3 /home/jake/Developer/timeline/NEW/Scripts/extract.py
2026-02-03T22:50:17+00:00 step=extract event=done elapsed=0.0s
2026-02-03T22:50:17+00:00 step=initial_classification event=start
2026-02-03T22:50:17+00:00 step=initial_classification event=cmd cmd=uv run python /home/jake/Developer/timeline/RUNNERS/initial-classification/script-initial-classification.py --folder /home/jake/Developer/timeline/NEW/Markdown
2026-02-03T22:50:17+00:00 step=initial_classification event=done elapsed=0.1s
2026-02-03T22:50:17+00:00 step=transfer event=start
2026-02-03T22:50:17+00:00 step=transfer event=cmd cmd=/home/jake/Developer/timeline/.venv/bin/python3 /home/jake/Developer/timeline/NEW/Scripts/transfer.py
2026-02-03T22:50:17+00:00 step=transfer event=done elapsed=0.0s
2026-02-03T22:50:17+00:00 step=extending_dimensions event=start
2026-02-03T22:50:17+00:00 step=extending_dimensions event=cmd cmd=uv run python /home/jake/Developer/timeline/RUNNERS/extending-dimensions/script-extending-dimensions.py
2026-02-03T22:50:17+00:00 step=extending_dimensions event=done elapsed=0.1s
2026-02-03T22:50:17+00:00 step=task_model_ratio event=start
2026-02-03T22:50:17+00:00 step=task_model_ratio event=cmd cmd=uv run python /home/jake/Developer/timeline/RUNNERS/task-model-ratio/script-task-model-ratio.py
2026-02-04T00:22:16+00:00 step=task_model_ratio event=done elapsed=5518.6s
2026-02-04T00:22:16+00:00 step=pipeline event=completed status=ok
2026-02-09T08:14:12+00:00 step=pipeline event=start
2026-02-09T08:14:12+00:00 step=precheck event=start
2026-02-09T08:14:12+00:00 step=precheck event=cmd cmd=/home/jake/Developer/timeline/.venv/bin/python3 /home/jake/Developer/timeline/NEW/Scripts/precheck.py
2026-02-09T08:14:12+00:00 step=precheck event=done elapsed=0.0s
2026-02-09T08:14:12+00:00 step=download_pdfs event=start
2026-02-09T08:14:12+00:00 step=download_pdfs event=cmd cmd=bash /home/jake/Developer/timeline/NEW/Scripts/download_pdfs.sh /home/jake/Developer/timeline/NEW/NEW.csv /home/jake/Developer/timeline/NEW/Downloads
2026-02-09T08:15:33+00:00 step=download_pdfs event=done elapsed=81.4s
2026-02-09T08:15:33+00:00 step=ingest_local event=skipped reason=empty_local_csv
2026-02-09T08:15:33+00:00 step=extract event=start
2026-02-09T08:15:33+00:00 step=extract event=cmd cmd=/home/jake/Developer/timeline/.venv/bin/python3 /home/jake/Developer/timeline/NEW/Scripts/extract.py
2026-02-09T08:38:39+00:00 step=extract event=done elapsed=1385.8s
2026-02-09T08:38:39+00:00 step=initial_classification event=start
2026-02-09T08:38:39+00:00 step=initial_classification event=cmd cmd=uv run python /home/jake/Developer/timeline/RUNNERS/initial-classification/script-initial-classification.py --folder /home/jake/Developer/timeline/NEW/Markdown
2026-02-09T08:42:42+00:00 step=initial_classification event=done elapsed=243.5s
2026-02-09T08:42:42+00:00 step=transfer event=start
2026-02-09T08:42:42+00:00 step=transfer event=cmd cmd=/home/jake/Developer/timeline/.venv/bin/python3 /home/jake/Developer/timeline/NEW/Scripts/transfer.py
2026-02-09T08:42:42+00:00 step=transfer event=done elapsed=0.1s
2026-02-09T08:42:42+00:00 step=extending_dimensions event=start
2026-02-09T08:42:42+00:00 step=extending_dimensions event=cmd cmd=uv run python /home/jake/Developer/timeline/RUNNERS/extending-dimensions/script-extending-dimensions.py
2026-02-09T08:42:42+00:00 step=extending_dimensions event=done elapsed=0.1s
2026-02-09T08:42:42+00:00 step=task_model_ratio event=start
2026-02-09T08:42:42+00:00 step=task_model_ratio event=cmd cmd=uv run python /home/jake/Developer/timeline/RUNNERS/task-model-ratio/script-task-model-ratio.py
2026-02-09T08:42:43+00:00 step=task_model_ratio event=done elapsed=0.1s
2026-02-09T08:42:43+00:00 step=pipeline event=completed status=ok
2026-02-09T17:06:44+00:00 step=pipeline event=start
2026-02-09T17:06:44+00:00 step=precheck event=start
2026-02-09T17:06:44+00:00 step=precheck event=cmd cmd=/home/jake/Developer/timeline/.venv/bin/python3 /home/jake/Developer/timeline/NEW/Scripts/precheck.py
2026-02-09T17:06:44+00:00 step=precheck event=done elapsed=0.0s
2026-02-09T17:06:44+00:00 step=download_pdfs event=start
2026-02-09T17:06:44+00:00 step=download_pdfs event=cmd cmd=bash /home/jake/Developer/timeline/NEW/Scripts/download_pdfs.sh /home/jake/Developer/timeline/NEW/NEW.csv /home/jake/Developer/timeline/NEW/Downloads
2026-02-09T17:06:44+00:00 step=download_pdfs event=done elapsed=0.1s
2026-02-09T17:06:44+00:00 step=ingest_local event=skipped reason=empty_local_csv
2026-02-09T17:06:44+00:00 step=extract event=start
2026-02-09T17:06:44+00:00 step=extract event=cmd cmd=/home/jake/Developer/timeline/.venv/bin/python3 /home/jake/Developer/timeline/NEW/Scripts/extract.py
2026-02-09T17:06:44+00:00 step=extract event=done elapsed=0.0s
2026-02-09T17:06:44+00:00 step=initial_classification event=start
2026-02-09T17:06:44+00:00 step=initial_classification event=cmd cmd=uv run python /home/jake/Developer/timeline/RUNNERS/initial-classification/script-initial-classification.py --folder /home/jake/Developer/timeline/NEW/Markdown
2026-02-09T17:06:44+00:00 step=initial_classification event=done elapsed=0.1s
2026-02-09T17:06:44+00:00 step=transfer event=start
2026-02-09T17:06:44+00:00 step=transfer event=cmd cmd=/home/jake/Developer/timeline/.venv/bin/python3 /home/jake/Developer/timeline/NEW/Scripts/transfer.py
2026-02-09T17:06:44+00:00 step=transfer event=done elapsed=0.0s
2026-02-09T17:06:44+00:00 step=extending_dimensions event=start
2026-02-09T17:06:44+00:00 step=extending_dimensions event=cmd cmd=uv run python /home/jake/Developer/timeline/RUNNERS/extending-dimensions/script-extending-dimensions.py
2026-02-09T17:06:44+00:00 step=extending_dimensions event=done elapsed=0.1s
2026-02-09T17:06:44+00:00 step=task_model_ratio event=start
2026-02-09T17:06:44+00:00 step=task_model_ratio event=cmd cmd=uv run python /home/jake/Developer/timeline/RUNNERS/task-model-ratio/script-task-model-ratio.py
2026-02-09T17:06:44+00:00 step=task_model_ratio event=done elapsed=0.1s
2026-02-09T17:06:44+00:00 step=pipeline event=completed status=ok
